// Jest Snapshot v1, https://goo.gl/fbAQLP

exports[`ProductTiltle Debe mostrar el componente con el titulo personalizado 1`] = `
<span
  className="productDescription custom-class"
>
  Custom Product
</span>
`;

exports[`ProductTiltle debe mostrar el componente con el nombre del producto 1`] = `
<div
  className="productCard undefined"
>
  <span
    className="productDescription undefined"
  >
    Coffe Mug - Card - Sin imagen
  </span>
</div>
`;
